1 -- 2: 0.286639 A
2 -- 3: 0.286639 A
3 -- 1: 0.286639 A
