1 -- 4: 9.8715 A
1 -- 3: 110.279 A
1 -- 2: -120.15 A
2 -- 3: -120.15 A
3 -- 4: -9.8715 A
