1 -- 3: 0.342323 A
1 -- 2: -0.342323 A
2 -- 5: -0.000179225 A
2 -- 3: -0.478715 A
3 -- 4: -0.136572 A
4 -- 2: -0.136572 A
5 -- 3: -0.000179225 A
