1 -- 2: -48.8889 A
2 -- 4: -24.4444 A
2 -- 3: -24.4444 A
3 -- 5: -24.4444 A
4 -- 5: -24.4444 A
5 -- 6: -48.8889 A
6 -- 1: -48.8889 A
